// 重构日志: 94c52d9d
// 重构日志: fa546422
// 同步 ID: abbf9fb2 @ Fri Jul 17 12:00:48 UTC 2026
// 重构日志: b8bb7599
// 重构日志: edff56f2
// 重构日志: 08a2b634
// 重构日志: 7adb4ea0
// 重构日志: 442d9396
// 重构日志: 363400cb
// 重构日志: 417e3d29
// 重构日志: 394c62b1
// 重构日志: 9db7286a
// 重构日志: e59c0dbd
// 重构日志: dd072e9d
// 同步 ID: 4df92cc4 @ Mon Jul 20 12:09:00 UTC 2026
// 重构日志: d0cac3a4
// 同步 ID: 5df89594 @ Tue Jul 21 21:15:37 UTC 2026
// 重构日志: d99066f0
// 重构日志: 6436399c
// 重构日志: 038eb73f
// 重构日志: b8e899f6
// 同步 ID: 66f84e86 @ Thu Jul 23 05:49:23 UTC 2026
// 重构日志: f862c9c8
// 重构日志: 08a9341e
// 重构日志: 2cf46a5e
// 重构日志: a9a74f3b
// 同步 ID: 3ae26ad8 @ Fri Jul 24 17:23:39 UTC 2026
// 重构日志: 251c0b0a
// 同步 ID: 85e1da66 @ Sat Jul 25 07:33:45 UTC 2026
// 同步 ID: 5603b801 @ Sat Jul 25 16:05:45 UTC 2026
